Testing all 8 report service functions...
============================================================

1. Testing generate_sales_register()...
2025-12-29 15:01:33,340 INFO sqlalchemy.engine.Engine BEGIN (implicit)
2025-12-29 15:01:33,346 INFO sqlalchemy.engine.Engine SELECT invoices.id AS invoices_id, invoices.invoice_number AS invoices_invoice_number, invoices.invoice_date AS invoices_invoice_date, invoices.place_of_supply AS invoices_place_of_supply, invoices.invoice_type AS invoices_invoice_type, invoices.status AS invoices_status, invoices.finalized_at AS invoices_finalized_at, invoices.customer_id AS invoices_customer_id, invoices.created_by AS invoices_created_by, invoices.customer_snapshot AS invoices_customer_snapshot, invoices.business_snapshot AS invoices_business_snapshot, invoices.subtotal_paise AS invoices_subtotal_paise, invoices.cgst_paise AS invoices_cgst_paise, invoices.sgst_paise AS invoices_sgst_paise, invoices.igst_paise AS invoices_igst_paise, invoices.total_paise AS invoices_total_paise, invoices.total_taxable_value_paise AS invoices_total_taxable_value_paise, invoices.total_gst_paise AS invoices_total_gst_paise, invoices.grand_total_paise AS invoices_grand_total_paise, invoices.round_off_paise AS invoices_round_off_paise, invoices.is_cancelled AS invoices_is_cancelled, invoices.cancelled_at AS invoices_cancelled_at, invoices.cancellation_reason AS invoices_cancellation_reason, invoices.created_at AS invoices_created_at, invoices.updated_at AS invoices_updated_at 
FROM invoices 
WHERE invoices.invoice_date >= ? AND invoices.invoice_date <= ? AND invoices.status IN (?, ?) ORDER BY invoices.invoice_date, invoices.invoice_number
2025-12-29 15:01:33,346 INFO sqlalchemy.engine.Engine [generated in 0.00038s] ('2025-12-01', '2025-12-31', 'FINAL', 'CANCELLED')
2025-12-29 15:01:33,350 INFO sqlalchemy.engine.Engine SELECT business_profile.id AS business_profile_id, business_profile.name AS business_profile_name, business_profile.gstin AS business_profile_gstin, business_profile.state_code AS business_profile_state_code, business_profile.address AS business_profile_address, business_profile.city AS business_profile_city, business_profile.pincode AS business_profile_pincode, business_profile.phone AS business_profile_phone, business_profile.email AS business_profile_email, business_profile.invoice_prefix AS business_profile_invoice_prefix, business_profile.invoice_start_number AS business_profile_invoice_start_number, business_profile.current_invoice_number AS business_profile_current_invoice_number, business_profile.created_at AS business_profile_created_at, business_profile.updated_at AS business_profile_updated_at 
FROM business_profile
 LIMIT ? OFFSET ?
2025-12-29 15:01:33,350 INFO sqlalchemy.engine.Engine [generated in 0.00024s] (1, 0)
   [OK] Sales Register: 1 rows
   [OK] Total Taxable: Rs 975.00
   [OK] Total GST: Rs 48.76

2. Testing generate_purchase_register()...
2025-12-29 15:01:33,353 INFO sqlalchemy.engine.Engine SELECT purchase_invoices.id AS purchase_invoices_id, purchase_invoices.supplier_id AS purchase_invoices_supplier_id, purchase_invoices.supplier_invoice_no AS purchase_invoices_supplier_invoice_no, purchase_invoices.supplier_invoice_date AS purchase_invoices_supplier_invoice_date, purchase_invoices.purchase_date AS purchase_invoices_purchase_date, purchase_invoices.place_of_supply AS purchase_invoices_place_of_supply, purchase_invoices.place_of_supply_code AS purchase_invoices_place_of_supply_code, purchase_invoices.total_quantity AS purchase_invoices_total_quantity, purchase_invoices.subtotal_value AS purchase_invoices_subtotal_value, purchase_invoices.cgst_amount AS purchase_invoices_cgst_amount, purchase_invoices.sgst_amount AS purchase_invoices_sgst_amount, purchase_invoices.igst_amount AS purchase_invoices_igst_amount, purchase_invoices.total_gst AS purchase_invoices_total_gst, purchase_invoices.total_amount AS purchase_invoices_total_amount, purchase_invoices.status AS purchase_invoices_status, purchase_invoices.cancel_reason AS purchase_invoices_cancel_reason, purchase_invoices.is_active AS purchase_invoices_is_active, purchase_invoices.created_at AS purchase_invoices_created_at, purchase_invoices.updated_at AS purchase_invoices_updated_at, purchase_invoices.finalized_at AS purchase_invoices_finalized_at, purchase_invoices.cancelled_at AS purchase_invoices_cancelled_at 
FROM purchase_invoices 
WHERE purchase_invoices.purchase_date >= ? AND purchase_invoices.purchase_date <= ? AND purchase_invoices.status IN (?, ?) ORDER BY purchase_invoices.purchase_date, purchase_invoices.supplier_invoice_no
2025-12-29 15:01:33,353 INFO sqlalchemy.engine.Engine [generated in 0.00046s] ('2025-12-01', '2025-12-31', 'FINAL', 'CANCELLED')
   [OK] Purchase Register: 0 rows
   [OK] Total Taxable: Rs 0.00
   [OK] Total GST: Rs 0.00

3. Testing generate_gst_summary()...
2025-12-29 15:01:33,353 INFO sqlalchemy.engine.Engine SELECT invoices.id AS invoices_id, invoices.invoice_number AS invoices_invoice_number, invoices.invoice_date AS invoices_invoice_date, invoices.place_of_supply AS invoices_place_of_supply, invoices.invoice_type AS invoices_invoice_type, invoices.status AS invoices_status, invoices.finalized_at AS invoices_finalized_at, invoices.customer_id AS invoices_customer_id, invoices.created_by AS invoices_created_by, invoices.customer_snapshot AS invoices_customer_snapshot, invoices.business_snapshot AS invoices_business_snapshot, invoices.subtotal_paise AS invoices_subtotal_paise, invoices.cgst_paise AS invoices_cgst_paise, invoices.sgst_paise AS invoices_sgst_paise, invoices.igst_paise AS invoices_igst_paise, invoices.total_paise AS invoices_total_paise, invoices.total_taxable_value_paise AS invoices_total_taxable_value_paise, invoices.total_gst_paise AS invoices_total_gst_paise, invoices.grand_total_paise AS invoices_grand_total_paise, invoices.round_off_paise AS invoices_round_off_paise, invoices.is_cancelled AS invoices_is_cancelled, invoices.cancelled_at AS invoices_cancelled_at, invoices.cancellation_reason AS invoices_cancellation_reason, invoices.created_at AS invoices_created_at, invoices.updated_at AS invoices_updated_at 
FROM invoices 
WHERE invoices.invoice_date >= ? AND invoices.invoice_date <= ? AND invoices.status = ?
2025-12-29 15:01:33,353 INFO sqlalchemy.engine.Engine [generated in 0.00036s] ('2025-12-01', '2025-12-31', 'FINAL')
2025-12-29 15:01:33,364 INFO sqlalchemy.engine.Engine SELECT purchase_invoices.id AS purchase_invoices_id, purchase_invoices.supplier_id AS purchase_invoices_supplier_id, purchase_invoices.supplier_invoice_no AS purchase_invoices_supplier_invoice_no, purchase_invoices.supplier_invoice_date AS purchase_invoices_supplier_invoice_date, purchase_invoices.purchase_date AS purchase_invoices_purchase_date, purchase_invoices.place_of_supply AS purchase_invoices_place_of_supply, purchase_invoices.place_of_supply_code AS purchase_invoices_place_of_supply_code, purchase_invoices.total_quantity AS purchase_invoices_total_quantity, purchase_invoices.subtotal_value AS purchase_invoices_subtotal_value, purchase_invoices.cgst_amount AS purchase_invoices_cgst_amount, purchase_invoices.sgst_amount AS purchase_invoices_sgst_amount, purchase_invoices.igst_amount AS purchase_invoices_igst_amount, purchase_invoices.total_gst AS purchase_invoices_total_gst, purchase_invoices.total_amount AS purchase_invoices_total_amount, purchase_invoices.status AS purchase_invoices_status, purchase_invoices.cancel_reason AS purchase_invoices_cancel_reason, purchase_invoices.is_active AS purchase_invoices_is_active, purchase_invoices.created_at AS purchase_invoices_created_at, purchase_invoices.updated_at AS purchase_invoices_updated_at, purchase_invoices.finalized_at AS purchase_invoices_finalized_at, purchase_invoices.cancelled_at AS purchase_invoices_cancelled_at 
FROM purchase_invoices 
WHERE purchase_invoices.purchase_date >= ? AND purchase_invoices.purchase_date <= ? AND purchase_invoices.status = ?
2025-12-29 15:01:33,364 INFO sqlalchemy.engine.Engine [generated in 0.00026s] ('2025-12-01', '2025-12-31', 'FINAL')
2025-12-29 15:01:33,365 INFO sqlalchemy.engine.Engine SELECT business_profile.id AS business_profile_id, business_profile.name AS business_profile_name, business_profile.gstin AS business_profile_gstin, business_profile.state_code AS business_profile_state_code, business_profile.address AS business_profile_address, business_profile.city AS business_profile_city, business_profile.pincode AS business_profile_pincode, business_profile.phone AS business_profile_phone, business_profile.email AS business_profile_email, business_profile.invoice_prefix AS business_profile_invoice_prefix, business_profile.invoice_start_number AS business_profile_invoice_start_number, business_profile.current_invoice_number AS business_profile_current_invoice_number, business_profile.created_at AS business_profile_created_at, business_profile.updated_at AS business_profile_updated_at 
FROM business_profile
 LIMIT ? OFFSET ?
2025-12-29 15:01:33,365 INFO sqlalchemy.engine.Engine [cached since 0.014s ago] (1, 0)
   [OK] GST Summary: Output GST Rs 48.76, Input GST Rs 0.00

4. Testing generate_customer_report()...
2025-12-29 15:01:33,366 INFO sqlalchemy.engine.Engine SELECT invoices.id AS invoices_id, invoices.invoice_number AS invoices_invoice_number, invoices.invoice_date AS invoices_invoice_date, invoices.place_of_supply AS invoices_place_of_supply, invoices.invoice_type AS invoices_invoice_type, invoices.status AS invoices_status, invoices.finalized_at AS invoices_finalized_at, invoices.customer_id AS invoices_customer_id, invoices.created_by AS invoices_created_by, invoices.customer_snapshot AS invoices_customer_snapshot, invoices.business_snapshot AS invoices_business_snapshot, invoices.subtotal_paise AS invoices_subtotal_paise, invoices.cgst_paise AS invoices_cgst_paise, invoices.sgst_paise AS invoices_sgst_paise, invoices.igst_paise AS invoices_igst_paise, invoices.total_paise AS invoices_total_paise, invoices.total_taxable_value_paise AS invoices_total_taxable_value_paise, invoices.total_gst_paise AS invoices_total_gst_paise, invoices.grand_total_paise AS invoices_grand_total_paise, invoices.round_off_paise AS invoices_round_off_paise, invoices.is_cancelled AS invoices_is_cancelled, invoices.cancelled_at AS invoices_cancelled_at, invoices.cancellation_reason AS invoices_cancellation_reason, invoices.created_at AS invoices_created_at, invoices.updated_at AS invoices_updated_at 
FROM invoices 
WHERE invoices.invoice_date >= ? AND invoices.invoice_date <= ? AND invoices.status = ?
2025-12-29 15:01:33,366 INFO sqlalchemy.engine.Engine [cached since 0.006322s ago] ('2025-12-01', '2025-12-31', 'FINAL')
2025-12-29 15:01:33,366 INFO sqlalchemy.engine.Engine SELECT business_profile.id AS business_profile_id, business_profile.name AS business_profile_name, business_profile.gstin AS business_profile_gstin, business_profile.state_code AS business_profile_state_code, business_profile.address AS business_profile_address, business_profile.city AS business_profile_city, business_profile.pincode AS business_profile_pincode, business_profile.phone AS business_profile_phone, business_profile.email AS business_profile_email, business_profile.invoice_prefix AS business_profile_invoice_prefix, business_profile.invoice_start_number AS business_profile_invoice_start_number, business_profile.current_invoice_number AS business_profile_current_invoice_number, business_profile.created_at AS business_profile_created_at, business_profile.updated_at AS business_profile_updated_at 
FROM business_profile
 LIMIT ? OFFSET ?
2025-12-29 15:01:33,367 INFO sqlalchemy.engine.Engine [cached since 0.01561s ago] (1, 0)
2025-12-29 15:01:33,368 INFO sqlalchemy.engine.Engine SELECT customers.id AS customers_id, customers.name AS customers_name, customers.customer_type AS customers_customer_type, customers.gstin AS customers_gstin, customers.address AS customers_address, customers.state AS customers_state, customers.state_code AS customers_state_code, customers.phone AS customers_phone, customers.email AS customers_email, customers.is_active AS customers_is_active, customers.created_at AS customers_created_at, customers.updated_at AS customers_updated_at 
FROM customers 
WHERE customers.id = ?
 LIMIT ? OFFSET ?
2025-12-29 15:01:33,369 INFO sqlalchemy.engine.Engine [generated in 0.00019s] (2, 1, 0)
   [OK] Customer Report: 1 customers
   [OK] Total B2B Sales: Rs 0.00
   [OK] Total B2C Sales: Rs 1,023.76

5. Testing generate_supplier_report()...
2025-12-29 15:01:33,370 INFO sqlalchemy.engine.Engine SELECT purchase_invoices.id AS purchase_invoices_id, purchase_invoices.supplier_id AS purchase_invoices_supplier_id, purchase_invoices.supplier_invoice_no AS purchase_invoices_supplier_invoice_no, purchase_invoices.supplier_invoice_date AS purchase_invoices_supplier_invoice_date, purchase_invoices.purchase_date AS purchase_invoices_purchase_date, purchase_invoices.place_of_supply AS purchase_invoices_place_of_supply, purchase_invoices.place_of_supply_code AS purchase_invoices_place_of_supply_code, purchase_invoices.total_quantity AS purchase_invoices_total_quantity, purchase_invoices.subtotal_value AS purchase_invoices_subtotal_value, purchase_invoices.cgst_amount AS purchase_invoices_cgst_amount, purchase_invoices.sgst_amount AS purchase_invoices_sgst_amount, purchase_invoices.igst_amount AS purchase_invoices_igst_amount, purchase_invoices.total_gst AS purchase_invoices_total_gst, purchase_invoices.total_amount AS purchase_invoices_total_amount, purchase_invoices.status AS purchase_invoices_status, purchase_invoices.cancel_reason AS purchase_invoices_cancel_reason, purchase_invoices.is_active AS purchase_invoices_is_active, purchase_invoices.created_at AS purchase_invoices_created_at, purchase_invoices.updated_at AS purchase_invoices_updated_at, purchase_invoices.finalized_at AS purchase_invoices_finalized_at, purchase_invoices.cancelled_at AS purchase_invoices_cancelled_at 
FROM purchase_invoices 
WHERE purchase_invoices.purchase_date >= ? AND purchase_invoices.purchase_date <= ? AND purchase_invoices.status = ?
2025-12-29 15:01:33,370 INFO sqlalchemy.engine.Engine [cached since 0.006738s ago] ('2025-12-01', '2025-12-31', 'FINAL')
2025-12-29 15:01:33,371 INFO sqlalchemy.engine.Engine SELECT business_profile.id AS business_profile_id, business_profile.name AS business_profile_name, business_profile.gstin AS business_profile_gstin, business_profile.state_code AS business_profile_state_code, business_profile.address AS business_profile_address, business_profile.city AS business_profile_city, business_profile.pincode AS business_profile_pincode, business_profile.phone AS business_profile_phone, business_profile.email AS business_profile_email, business_profile.invoice_prefix AS business_profile_invoice_prefix, business_profile.invoice_start_number AS business_profile_invoice_start_number, business_profile.current_invoice_number AS business_profile_current_invoice_number, business_profile.created_at AS business_profile_created_at, business_profile.updated_at AS business_profile_updated_at 
FROM business_profile
 LIMIT ? OFFSET ?
2025-12-29 15:01:33,371 INFO sqlalchemy.engine.Engine [cached since 0.02038s ago] (1, 0)
   [OK] Supplier Report: 0 suppliers
   [OK] Total Registered: Rs 0.00
   [OK] Total Unregistered: Rs 0.00

6. Testing generate_product_hsn_report()...
2025-12-29 15:01:33,375 INFO sqlalchemy.engine.Engine SELECT invoice_items.id AS invoice_items_id, invoice_items.invoice_id AS invoice_items_invoice_id, invoice_items.product_id AS invoice_items_product_id, invoice_items.product_name AS invoice_items_product_name, invoice_items.description AS invoice_items_description, invoice_items.hsn_code AS invoice_items_hsn_code, invoice_items.quantity AS invoice_items_quantity, invoice_items.unit AS invoice_items_unit, invoice_items.unit_price_paise AS invoice_items_unit_price_paise, invoice_items.gst_rate AS invoice_items_gst_rate, invoice_items.taxable_amount_paise AS invoice_items_taxable_amount_paise, invoice_items.cgst_paise AS invoice_items_cgst_paise, invoice_items.sgst_paise AS invoice_items_sgst_paise, invoice_items.igst_paise AS invoice_items_igst_paise, invoice_items.gst_amount_paise AS invoice_items_gst_amount_paise, invoice_items.total_paise AS invoice_items_total_paise, invoice_items.created_at AS invoice_items_created_at 
FROM invoice_items JOIN invoices ON invoices.id = invoice_items.invoice_id 
WHERE invoices.invoice_date >= ? AND invoices.invoice_date <= ? AND invoices.status = ?
2025-12-29 15:01:33,375 INFO sqlalchemy.engine.Engine [generated in 0.00022s] ('2025-12-01', '2025-12-31', 'FINAL')
2025-12-29 15:01:33,377 INFO sqlalchemy.engine.Engine SELECT products.id AS products_id, products.name AS products_name, products.description AS products_description, products.hsn_code AS products_hsn_code, products.gst_rate AS products_gst_rate, products.price_paise AS products_price_paise, products.stock_quantity AS products_stock_quantity, products.unit AS products_unit, products.is_active AS products_is_active, products.created_at AS products_created_at, products.updated_at AS products_updated_at 
FROM products 
WHERE products.id = ?
 LIMIT ? OFFSET ?
2025-12-29 15:01:33,377 INFO sqlalchemy.engine.Engine [generated in 0.00021s] (2, 1, 0)
   [OK] Product/HSN Report: 1 HSN codes
   [OK] Total Quantity: 5.00
   [OK] Total Taxable: Rs 975.00

7. Testing generate_inventory_report()...
2025-12-29 15:01:33,379 INFO sqlalchemy.engine.Engine SELECT products.id AS products_id, products.name AS products_name, products.description AS products_description, products.hsn_code AS products_hsn_code, products.gst_rate AS products_gst_rate, products.price_paise AS products_price_paise, products.stock_quantity AS products_stock_quantity, products.unit AS products_unit, products.is_active AS products_is_active, products.created_at AS products_created_at, products.updated_at AS products_updated_at 
FROM products 
WHERE products.is_active = 1
2025-12-29 15:01:33,379 INFO sqlalchemy.engine.Engine [generated in 0.00023s] ()
D:\WEBGST\.venv\Scripts\python.exe : Traceback (most recent call last):
At line:1 char:1
+ D:\WEBGST\.venv\Scripts\python.exe test_all_reports_fixed.py > 
test_o ...
+ ~~~~~~~~~~~~~~~~~~~~~~~~~~~~~~~~~~~~~~~~~~~~~~~~~~~~~~~~~~~~~~~~~~~~~
    + CategoryInfo          : NotSpecified: (Traceback (most recent ca 
   ll last)::String) [], RemoteException
    + FullyQualifiedErrorId : NativeCommandError
 
  File "D:\WEBGST\backend\test_all_reports_fixed.py", line 62, in 
test_reports
    inv_report = report_service.generate_inventory_report(db, 
as_of_date)
                 
^^^^^^^^^^^^^^^^^^^^^^^^^^^^^^^^^^^^^^^^^^^^^^^^^^^^^^^^
  File "D:\WEBGST\backend\app\services\report_service.py", line 655, 
in generate_inventory_report
    PurchaseItem.product_id == prod.id,
    ^^^^^^^^^^^^^^^^^^^^^^^
AttributeError: type object 'PurchaseItem' has no attribute 
'product_id'

[FAIL] Error: type object 'PurchaseItem' has no attribute 'product_id'
2025-12-29 15:01:33,382 INFO sqlalchemy.engine.Engine ROLLBACK
